Running Gradle task 'assembleDebug'...                            254,0s
ÔêÜ Built build\app\outputs\flutter-apk\app-debug.apk
